Script started on Tue 09 Jun 2015 03:54:06 AM PDT
~
jtran071@hammer $ cs100
[0;91m
===============================================================================
|                                                                             |
| You have enabled settings specific for cs100.  Everything you do is being   |
| recorded to measure your progress in the class.                             |
|                                                                             |
| Important commands for the class:                                           |
|   * calcgrade.sh          displays a detailed breakdown of your grade       |
|   * checksyscalls.sh      is your cpp file doing proper error checking?     |
|   * typespeed             practice typing unix commands                     |
|                                                                             |
| Important commands for general C++ programming:                             |
|   * make                  don't call g++ manually; let make do the work!    |
|   * gdb                   the GNU debugger                                  |
|   * valgrind              get rid of your memory leaks                      |
|   * cppcheck              static analysis tool                              |
|   * man                   find help about any syscall / terminal command    |
|                                                                             |
===============================================================================
[0m
[s%%%%%%%%%%[u[0;32mjtran071[0;36m@[0;32mcs100[0;36m:[0;32m~[0;95m [0;36m$[0m cd rshell
[s%%%%%%%%%%[u[0;32mjtran071[0;36m@[0;32mcs100[0;36m:[0;32m~/rshell[0;95m (master) [0;36m$[0m make
g++ -Wall -Werror -pedantic -std=c++11 src/rshell.cpp -o bin/rshell
g++ -Wall -Werror -pedantic -std=c++11 src/ls.cpp -o bin/ls
g++ -Wall -Werror -pedantic -std=c++11 src/cp.cpp -o bin/cp
[s%%%%%%%%%%[u[0;32mjtran071[0;36m@[0;32mcs100[0;36m:[0;32m~/rshell[0;95m (master) [0;36m$[0m bin/rshell 
jtran071@hammer.cs.ucr.edu:~/rshell $ #gt  tesi ting hw0 portion
jtran071@hammer.cs.ucr.edu:~/rshell $ #testing         shows command prompt, login and d host
jtran071@hammer.cs.ucr.edu:~/rshell $ #testing commands
jtran071@hammer.cs.ucr.edu:~/rshell $ s ls
bin  exec.script  LICENSE.md  Makefile	README.md  src	tests
jtran071@hammer.cs.ucr.edu:~/rshell $ ls -a
.  ..  bin  exec.script  .git  LICENSE.md  Makefile  README.md	src  tests
jtran071@hammer.cs.ucr.edu:~/rshell $ ls -a -l
total 40
drwx------  6 jtran071 classes 4096 Jun  9 03:46 .
drwx------ 13 jtran071 classes 4096 Jun  9 03:35 ..
drwx------  2 jtran071 classes 4096 Jun  9 03:47 bin
-rw-------  1 jtran071 classes    0 Jun  9 03:46 exec.script
drwx------  8 jtran071 classes 4096 Jun  9 03:22 .git
-rw-------  1 jtran071 classes 1472 Apr 18 14:55 LICENSE.md
-rw-------  1 jtran071 classes  251 May 11 15:17 Makefile
-rw-------  1 jtran071 classes 5248 Jun  5 21:37 README.md
drwx------  2 jtran071 classes 4096 Jun  9 03:35 src
drwx------  2 jtran071 classes 4096 Jun  5 21:37 tests
jtran071@hammer.cs.ucr.edu:~/rshell $ ls               -a                   -a
.  ..  bin  exec.script  .git  LICENSE.md  Makefile  README.md	src  tests
jtran071@hammer.cs.ucr.edu:~/rshell $                  ls                -a                                               -l
total 40
drwx------  6 jtran071 classes 4096 Jun  9 03:46 .
drwx------ 13 jtran071 classes 4096 Jun  9 03:35 ..
drwx------  2 jtran071 classes 4096 Jun  9 03:47 bin
-rw-------  1 jtran071 classes    0 Jun  9 03:46 exec.script
drwx------  8 jtran071 classes 4096 Jun  9 03:22 .git
-rw-------  1 jtran071 classes 1472 Apr 18 14:55 LICENSE.md
-rw-------  1 jtran071 classes  251 May 11 15:17 Makefile
-rw-------  1 jtran071 classes 5248 Jun  5 21:37 README.md
drwx------  2 jtran071 classes 4096 Jun  9 03:35 src
drwx------  2 jtran071 classes 4096 Jun  5 21:37 tests
jtran071@hammer.cs.ucr.edu:~/rshell $ asd
execvp(): No such file or directory
jtran071@hammer.cs.ucr.edu:~/rshell $ echo hi hi hi hi hi hibye bye bye bye bye bye hi hi hi hi hi bye bye byeb ye bye byeb yeb yeb ey bye               bye                    bye                                            hi
hi hi hi hi hi hibye bye bye bye bye bye hi hi hi hi hi bye bye byeb ye bye byeb yeb yeb ey bye bye bye hi
jtran071@hammer.cs.ucr.edu:~/rshell $ #opening o another instance of rshell
jtran071@hammer.cs.ucr.edu:~/rshell $ bin/rshell
jtran071@hammer.cs.ucr.edu:~/rshell $ ps
  PID TTY          TIME CMD
17113 pts/29   00:00:00 bash
17140 pts/29   00:00:00 rshell
17259 pts/29   00:00:00 rshell
17260 pts/29   00:00:00 ps
jtran071@hammer.cs.ucr.edu:~/rshell $ #two rshle  ells are now running
jtran071@hammer.cs.ucr.edu:~/rshell $ asd
execvp(): No such file or directory
jtran071@hammer.cs.ucr.edu:~/rshell $ ls
bin  exec.script  LICENSE.md  Makefile	README.md  src	tests
jtran071@hammer.cs.ucr.edu:~/rshell $ ls -a
.  ..  bin  exec.script  .git  LICENSE.md  Makefile  README.md	src  tests
jtran071@hammer.cs.ucr.edu:~/rshell $ ls                -a                       -l
total 40
drwx------  6 jtran071 classes 4096 Jun  9 03:46 .
drwx------ 13 jtran071 classes 4096 Jun  9 03:35 ..
drwx------  2 jtran071 classes 4096 Jun  9 03:47 bin
-rw-------  1 jtran071 classes    0 Jun  9 03:46 exec.script
drwx------  8 jtran071 classes 4096 Jun  9 03:22 .git
-rw-------  1 jtran071 classes 1472 Apr 18 14:55 LICENSE.md
-rw-------  1 jtran071 classes  251 May 11 15:17 Makefile
-rw-------  1 jtran071 classes 5248 Jun  5 21:37 README.md
drwx------  2 jtran071 classes 4096 Jun  9 03:35 src
drwx------  2 jtran071 classes 4096 Jun  5 21:37 tests
jtran071@hammer.cs.ucr.edu:~/rshell $ #testing exit
jtran071@hammer.cs.ucr.edu:~/rshell $ exit
jtran071@hammer.cs.ucr.edu:~/rshell $ ps
  PID TTY          TIME CMD
17113 pts/29   00:00:00 bash
17140 pts/29   00:00:00 rshell
17411 pts/29   00:00:00 ps
jtran071@hammer.cs.ucr.edu:~/rshell $ #second instance of rshell ended
jtran071@hammer.cs.ucr.edu:~/rshell $ #tet sting more with exit
jtran071@hammer.cs.ucr.edu:~/rshell $ bn in/rshell
jtran071@hammer.cs.ucr.edu:~/rshell $ ls -l exit
ls: cannot access exit: No such file or directory
jtran071@hammer.cs.ucr.edu:~/rshell $ ei xit 0 0a    -a hi
jtran071@hammer.cs.ucr.edu:~/rshell $ ps
  PID TTY          TIME CMD
17113 pts/29   00:00:00 bash
17140 pts/29   00:00:00 rshell
17520 pts/29   00:00:00 ps
jtran071@hammer.cs.ucr.edu:~/rshell $ #exited
jtran071@hammer.cs.ucr.edu:~/rshell $ bin/rshell
jtran071@hammer.cs.ucr.edu:~/rshell $ ps
  PID TTY          TIME CMD
17113 pts/29   00:00:00 bash
17140 pts/29   00:00:00 rshell
17522 pts/29   00:00:00 rshell
17525 pts/29   00:00:00 ps
jtran071@hammer.cs.ucr.edu:~/rshell $ ls -l; exit
total 28
drwx------ 2 jtran071 classes 4096 Jun  9 03:47 bin
-rw------- 1 jtran071 classes    0 Jun  9 03:46 exec.script
-rw------- 1 jtran071 classes 1472 Apr 18 14:55 LICENSE.md
-rw------- 1 jtran071 classes  251 May 11 15:17 Makefile
-rw------- 1 jtran071 classes 5248 Jun  5 21:37 README.md
drwx------ 2 jtran071 classes 4096 Jun  9 03:35 src
drwx------ 2 jtran071 classes 4096 Jun  5 21:37 tests
jtran071@hammer.cs.ucr.edu:~/rshell $ ps
  PID TTY          TIME CMD
17113 pts/29   00:00:00 bash
17140 pts/29   00:00:00 rshell
17531 pts/29   00:00:00 ps
jtran071@hammer.cs.ucr.edu:~/rshell $ #exited with connector
jtran071@hammer.cs.ucr.edu:~/rshell $ bin/rshell
jtran071@hammer.cs.ucr.edu:~/rshell $ ps
  PID TTY          TIME CMD
17113 pts/29   00:00:00 bash
17140 pts/29   00:00:00 rshell
17555 pts/29   00:00:00 rshell
17556 pts/29   00:00:00 ps
jtran071@hammer.cs.ucr.edu:~/rshell $ ls -l && exit
total 28
drwx------ 2 jtran071 classes 4096 Jun  9 03:47 bin
-rw------- 1 jtran071 classes    0 Jun  9 03:46 exec.script
-rw------- 1 jtran071 classes 1472 Apr 18 14:55 LICENSE.md
-rw------- 1 jtran071 classes  251 May 11 15:17 Makefile
-rw------- 1 jtran071 classes 5248 Jun  5 21:37 README.md
drwx------ 2 jtran071 classes 4096 Jun  9 03:35 src
drwx------ 2 jtran071 classes 4096 Jun  5 21:37 tests
jtran071@hammer.cs.ucr.edu:~/rshell $ ps
  PID TTY          TIME CMD
17113 pts/29   00:00:00 bash
17140 pts/29   00:00:00 rshell
17625 pts/29   00:00:00 ps
jtran071@hammer.cs.ucr.edu:~/rshell $ ^[[A^[[A        bin/rshell
jtran071@hammer.cs.ucr.edu:~/rshell $ ps
  PID TTY          TIME CMD
17113 pts/29   00:00:00 bash
17140 pts/29   00:00:00 rshell
17666 pts/29   00:00:00 rshell
17667 pts/29   00:00:00 ps
jtran071@hammer.cs.ucr.edu:~/rshell $ asdsa|| e                       exit
execvp(): No such file or directory
jtran071@hammer.cs.ucr.edu:~/rshell $ ps
  PID TTY          TIME CMD
17113 pts/29   00:00:00 bash
17140 pts/29   00:00:00 rshell
17670 pts/29   00:00:00 ps
jtran071@hammer.cs.ucr.edu:~/rshell $ #exited wit  h o ||
jtran071@hammer.cs.ucr.edu:~/rshell $ #comments are working
jtran071@hammer.cs.ucr.edu:~/rshell $ ls -l  #-a hi ls           
total 28
drwx------ 2 jtran071 classes 4096 Jun  9 03:47 bin
-rw------- 1 jtran071 classes    0 Jun  9 03:46 exec.script
-rw------- 1 jtran071 classes 1472 Apr 18 14:55 LICENSE.md
-rw------- 1 jtran071 classes  251 May 11 15:17 Makefile
-rw------- 1 jtran071 classes 5248 Jun  5 21:37 README.md
drwx------ 2 jtran071 classes 4096 Jun  9 03:35 src
drwx------ 2 jtran071 classes 4096 Jun  5 21:37 tests
jtran071@hammer.cs.ucr.edu:~/rshell $ ls # -s   l -a              -R
bin  exec.script  LICENSE.md  Makefile	README.md  src	tests
jtran071@hammer.cs.ucr.edu:~/rshell $ ls -l# this is  comment
total 28
drwx------ 2 jtran071 classes 4096 Jun  9 03:47 bin
-rw------- 1 jtran071 classes    0 Jun  9 03:46 exec.script
-rw------- 1 jtran071 classes 1472 Apr 18 14:55 LICENSE.md
-rw------- 1 jtran071 classes  251 May 11 15:17 Makefile
-rw------- 1 jtran071 classes 5248 Jun  5 21:37 README.md
drwx------ 2 jtran071 classes 4096 Jun  9 03:35 src
drwx------ 2 jtran071 classes 4096 Jun  5 21:37 tests
jtran071@hammer.cs.ucr.edu:~/rshell $ ls -l#-adsahudshaidhwiadhweildhfweif la
total 28
drwx------ 2 jtran071 classes 4096 Jun  9 03:47 bin
-rw------- 1 jtran071 classes    0 Jun  9 03:46 exec.script
-rw------- 1 jtran071 classes 1472 Apr 18 14:55 LICENSE.md
-rw------- 1 jtran071 classes  251 May 11 15:17 Makefile
-rw------- 1 jtran071 classes 5248 Jun  5 21:37 README.md
drwx------ 2 jtran071 classes 4096 Jun  9 03:35 src
drwx------ 2 jtran071 classes 4096 Jun  5 21:37 tests
jtran071@hammer.cs.ucr.edu:~/rshell $ ls -a#-l
.  ..  bin  exec.script  .git  LICENSE.md  Makefile  README.md	src  tests
jtran071@hammer.cs.ucr.edu:~/rshell $ l # s
execvp(): No such file or directory
jtran071@hammer.cs.ucr.edu:~/rshell $ #now testing connectors
jtran071@hammer.cs.ucr.edu:~/rshell $ ks  ls;ls
bin  exec.script  LICENSE.md  Makefile	README.md  src	tests
bin  exec.script  LICENSE.md  Makefile	README.md  src	tests
jtran071@hammer.cs.ucr.edu:~/rshell $ ls             ;                           ls
bin  exec.script  LICENSE.md  Makefile	README.md  src	tests
bin  exec.script  LICENSE.md  Makefile	README.md  src	tests
jtran071@hammer.cs.ucr.edu:~/rshell $ ls && ls
bin  exec.script  LICENSE.md  Makefile	README.md  src	tests
bin  exec.script  LICENSE.md  Makefile	README.md  src	tests
jtran071@hammer.cs.ucr.edu:~/rshell $ ls  asdsa && ls
execvp(): No such file or directory
jtran071@hammer.cs.ucr.edu:~/rshell $ ls || ls
bin  exec.script  LICENSE.md  Makefile	README.md  src	tests
jtran071@hammer.cs.ucr.edu:~/rshell $ dsada || ls
execvp(): No such file or directory
bin  exec.script  LICENSE.md  Makefile	README.md  src	tests
jtran071@hammer.cs.ucr.edu:~/rshell $ ls-  -l||cat   echo hihihihi
total 28
drwx------ 2 jtran071 classes 4096 Jun  9 03:47 bin
-rw------- 1 jtran071 classes    0 Jun  9 03:46 exec.script
-rw------- 1 jtran071 classes 1472 Apr 18 14:55 LICENSE.md
-rw------- 1 jtran071 classes  251 May 11 15:17 Makefile
-rw------- 1 jtran071 classes 5248 Jun  5 21:37 README.md
drwx------ 2 jtran071 classes 4096 Jun  9 03:35 src
drwx------ 2 jtran071 classes 4096 Jun  5 21:37 tests
jtran071@hammer.cs.ucr.edu:~/rshell $ ls -l&&echo hihihihi
total 28
drwx------ 2 jtran071 classes 4096 Jun  9 03:47 bin
-rw------- 1 jtran071 classes    0 Jun  9 03:46 exec.script
-rw------- 1 jtran071 classes 1472 Apr 18 14:55 LICENSE.md
-rw------- 1 jtran071 classes  251 May 11 15:17 Makefile
-rw------- 1 jtran071 classes 5248 Jun  5 21:37 README.md
drwx------ 2 jtran071 classes 4096 Jun  9 03:35 src
drwx------ 2 jtran071 classes 4096 Jun  5 21:37 tests
hihihihi
jtran071@hammer.cs.ucr.edu:~/rshell $ ls;echo nodsnaudhas
bin  exec.script  LICENSE.md  Makefile	README.md  src	tests
nodsnaudhas
jtran071@hammer.cs.ucr.edu:~/rshell $ ls                &&                          ls
bin  exec.script  LICENSE.md  Makefile	README.md  src	tests
bin  exec.script  LICENSE.md  Makefile	README.md  src	tests
jtran071@hammer.cs.ucr.edu:~/rshell $ ls                      ||           ls
bin  exec.script  LICENSE.md  Makefile	README.md  src	tests
jtran071@hammer.cs.ucr.edu:~/rshell $ ls                          ||      echo hi
bin  exec.script  LICENSE.md  Makefile	README.md  src	tests
jtran071@hammer.cs.ucr.edu:~/rshell $ echo hi               ||          ls
hi
jtran071@hammer.cs.ucr.edu:~/rshell $ asdasda                 ||        echo i
execvp(): No such file or directory
i
jtran071@hammer.cs.ucr.edu:~/rshell $ ls;ls         ;lsls;   ;ls;sl  ls;ls&&ls&&ls&&echo hi||echo no&& echo hi;y echo yes;ls -a&&ls-  -l
bin  exec.script  LICENSE.md  Makefile	README.md  src	tests
bin  exec.script  LICENSE.md  Makefile	README.md  src	tests
bin  exec.script  LICENSE.md  Makefile	README.md  src	tests
bin  exec.script  LICENSE.md  Makefile	README.md  src	tests
bin  exec.script  LICENSE.md  Makefile	README.md  src	tests
bin  exec.script  LICENSE.md  Makefile	README.md  src	tests
bin  exec.script  LICENSE.md  Makefile	README.md  src	tests
bin  exec.script  LICENSE.md  Makefile	README.md  src	tests
hi
jtran071@hammer.cs.ucr.edu:~/rshell $ ls;ls&&ls||echono   no
bin  exec.script  LICENSE.md  Makefile	README.md  src	tests
bin  exec.script  LICENSE.md  Makefile	README.md  src	tests
bin  exec.script  LICENSE.md  Makefile	README.md  src	tests
jtran071@hammer.cs.ucr.edu:~/rshell $ ls; ;ls||ls-  -a &&  || echo no
bin  exec.script  LICENSE.md  Makefile	README.md  src	tests
bin  exec.script  LICENSE.md  Makefile	README.md  src	tests
jtran071@hammer.cs.ucr.edu:~/rshell $ ls;  && ls -a || echo no
bin  exec.script  LICENSE.md  Makefile	README.md  src	tests
.  ..  bin  exec.script  .git  LICENSE.md  Makefile  README.md	src  tests
jtran071@hammer.cs.ucr.edu:~/rshell $ ls; ls-  -a; ls -l && ls ; asd || echo no && echo yes; eh cho hi
bin  exec.script  LICENSE.md  Makefile	README.md  src	tests
.  ..  bin  exec.script  .git  LICENSE.md  Makefile  README.md	src  tests
total 28
drwx------ 2 jtran071 classes 4096 Jun  9 03:47 bin
-rw------- 1 jtran071 classes    0 Jun  9 03:46 exec.script
-rw------- 1 jtran071 classes 1472 Apr 18 14:55 LICENSE.md
-rw------- 1 jtran071 classes  251 May 11 15:17 Makefile
-rw------- 1 jtran071 classes 5248 Jun  5 21:37 README.md
drwx------ 2 jtran071 classes 4096 Jun  9 03:35 src
drwx------ 2 jtran071 classes 4096 Jun  5 21:37 tests
total 28
drwx------ 2 jtran071 classes 4096 Jun  9 03:47 bin
-rw------- 1 jtran071 classes    0 Jun  9 03:46 exec.script
-rw------- 1 jtran071 classes 1472 Apr 18 14:55 LICENSE.md
-rw------- 1 jtran071 classes  251 May 11 15:17 Makefile
-rw------- 1 jtran071 classes 5248 Jun  5 21:37 README.md
drwx------ 2 jtran071 classes 4096 Jun  9 03:35 src
drwx------ 2 jtran071 classes 4096 Jun  5 21:37 tests
execvp(): No such file or directory
no
yes
hi
jtran071@hammer.cs.ucr.edu:~/rshell $ #connectors working
jtran071@hammer.cs.ucr.edu:~/rshell $ ls -l||cat ;       echo hello        &&echo e yes h this works
total 28
drwx------ 2 jtran071 classes 4096 Jun  9 03:47 bin
-rw------- 1 jtran071 classes    0 Jun  9 03:46 exec.script
-rw------- 1 jtran071 classes 1472 Apr 18 14:55 LICENSE.md
-rw------- 1 jtran071 classes  251 May 11 15:17 Makefile
-rw------- 1 jtran071 classes 5248 Jun  5 21:37 README.md
drwx------ 2 jtran071 classes 4096 Jun  9 03:35 src
drwx------ 2 jtran071 classes 4096 Jun  5 21:37 tests
jtran071@hammer.cs.ucr.edu:~/rshell $ #finished testing
jtran071@hammer.cs.ucr.edu:~/rshell $ exit
[s%%%%%%%%%%[u[0;32mjtran071[0;36m@[0;32mcs100[0;36m:[0;32m~/rshell[0;95m (master) [0;36m$[0m exit
exit
~
jtran071@hammer $ exit
exit

Script done on Tue 09 Jun 2015 04:09:25 AM PDT
